{"ts":"2026-02-15T08:45:59+01:00","event":"send","payload":{"status_code":400,"fcm_error_code":"INVALID_ARGUMENT","fcm_message_id":null,"curl_error":null,"token_suffix":"fake-token","notification_title":"diag","data_ride_id":"diag"}}
{"ts":"2026-02-15T08:54:09+01:00","event":"send","payload":{"status_code":403,"fcm_error_code":"PERMISSION_DENIED","fcm_message_id":null,"curl_error":null,"token_suffix":"M29644o6RxeQ","notification_title":"New Ride Request","data_ride_id":"21c16869-9ad1-4074-96a5-cd188c1c648d"}}
{"ts":"2026-02-15T16:03:33+01:00","event":"send","payload":{"status_code":403,"fcm_error_code":"PERMISSION_DENIED","fcm_message_id":null,"curl_error":null,"token_suffix":"M29644o6RxeQ","notification_title":"New Ride Request","data_ride_id":"c73052f2-2f15-41db-b5b8-3edae8c06d64"}}
{"ts":"2026-02-15T16:13:37+01:00","event":"send","payload":{"status_code":403,"fcm_error_code":"PERMISSION_DENIED","fcm_message_id":null,"curl_error":null,"token_suffix":"M29644o6RxeQ","notification_title":"New Ride Request","data_ride_id":"04d18181-2c66-4f2c-8dde-fc4904b4b00b"}}
{"ts":"2026-02-15T16:32:05+01:00","event":"send","payload":{"status_code":403,"fcm_error_code":"PERMISSION_DENIED","fcm_message_id":null,"curl_error":null,"token_suffix":"M29644o6RxeQ","notification_title":"Ride Cancelled","data_ride_id":"04d18181-2c66-4f2c-8dde-fc4904b4b00b"}}
{"ts":"2026-02-15T16:32:40+01:00","event":"send","payload":{"status_code":403,"fcm_error_code":"PERMISSION_DENIED","fcm_message_id":null,"curl_error":null,"token_suffix":"M29644o6RxeQ","notification_title":"New Ride Request","data_ride_id":"aed77655-b340-4f5b-93a7-e54c87ae799f"}}
{"ts":"2026-02-15T16:33:52+01:00","event":"send","payload":{"status_code":403,"fcm_error_code":"PERMISSION_DENIED","fcm_message_id":null,"curl_error":null,"token_suffix":"M29644o6RxeQ","notification_title":"Ride Cancelled","data_ride_id":"aed77655-b340-4f5b-93a7-e54c87ae799f"}}
{"ts":"2026-02-15T19:07:51+01:00","event":"send","payload":{"status_code":403,"fcm_error_code":"PERMISSION_DENIED","fcm_message_id":null,"curl_error":null,"token_suffix":"M29644o6RxeQ","notification_title":"New Ride Request","data_ride_id":"15ce9a2b-0b26-4602-8187-4090a9dd3fdd"}}
{"ts":"2026-02-16T15:35:37+01:00","event":"send","payload":{"status_code":403,"fcm_error_code":"PERMISSION_DENIED","fcm_message_id":null,"curl_error":null,"token_suffix":"M29644o6RxeQ","notification_title":"New Ride Request","data_ride_id":"23db2674-31ff-46db-90bb-8a9601a7dd8a"}}
{"ts":"2026-02-16T15:40:12+01:00","event":"send","payload":{"status_code":403,"fcm_error_code":"PERMISSION_DENIED","fcm_message_id":null,"curl_error":null,"token_suffix":"M29644o6RxeQ","notification_title":"New Ride Request","data_ride_id":"e2c6d5e5-1186-4454-81f6-b65689868a97"}}
{"ts":"2026-02-16T15:45:05+01:00","event":"send","payload":{"status_code":403,"fcm_error_code":"PERMISSION_DENIED","fcm_message_id":null,"curl_error":null,"token_suffix":"M29644o6RxeQ","notification_title":"New Ride Request","data_ride_id":"605556c0-064a-491b-bc39-a1923c08d18c"}}
{"ts":"2026-02-16T15:45:56+01:00","event":"send","payload":{"status_code":403,"fcm_error_code":"PERMISSION_DENIED","fcm_message_id":null,"curl_error":null,"token_suffix":"M29644o6RxeQ","notification_title":"Ride Cancelled","data_ride_id":"605556c0-064a-491b-bc39-a1923c08d18c"}}
{"ts":"2026-02-16T15:47:53+01:00","event":"send","payload":{"status_code":403,"fcm_error_code":"PERMISSION_DENIED","fcm_message_id":null,"curl_error":null,"token_suffix":"M29644o6RxeQ","notification_title":"New Ride Request","data_ride_id":"5a82f081-cd28-41a1-9a3f-5c460e4463f7"}}
{"ts":"2026-02-16T15:49:44+01:00","event":"send","payload":{"status_code":403,"fcm_error_code":"PERMISSION_DENIED","fcm_message_id":null,"curl_error":null,"token_suffix":"M29644o6RxeQ","notification_title":"Ride Cancelled","data_ride_id":"5a82f081-cd28-41a1-9a3f-5c460e4463f7"}}
{"ts":"2026-02-16T20:31:22+01:00","event":"send","payload":{"status_code":400,"fcm_error_code":"INVALID_ARGUMENT","fcm_message_id":null,"curl_error":null,"token_suffix":"t-token-6678","notification_title":"New Ride Request","data_ride_id":"9495619c-ccb3-4fab-b267-905bd151e0b0"}}
{"ts":"2026-02-16T20:31:23+01:00","event":"send","payload":{"status_code":400,"fcm_error_code":"INVALID_ARGUMENT","fcm_message_id":null,"curl_error":null,"token_suffix":"t-token-2535","notification_title":"New Ride Request","data_ride_id":"9495619c-ccb3-4fab-b267-905bd151e0b0"}}
{"ts":"2026-02-16T20:31:23+01:00","event":"send","payload":{"status_code":400,"fcm_error_code":"INVALID_ARGUMENT","fcm_message_id":null,"curl_error":null,"token_suffix":"t-token-8640","notification_title":"New Ride Request","data_ride_id":"9495619c-ccb3-4fab-b267-905bd151e0b0"}}
{"ts":"2026-02-16T20:31:24+01:00","event":"send","payload":{"status_code":400,"fcm_error_code":"INVALID_ARGUMENT","fcm_message_id":null,"curl_error":null,"token_suffix":"t-token-5305","notification_title":"New Ride Request","data_ride_id":"9495619c-ccb3-4fab-b267-905bd151e0b0"}}
{"ts":"2026-02-16T20:31:24+01:00","event":"send","payload":{"status_code":400,"fcm_error_code":"INVALID_ARGUMENT","fcm_message_id":null,"curl_error":null,"token_suffix":"t-token-7988","notification_title":"New Ride Request","data_ride_id":"9495619c-ccb3-4fab-b267-905bd151e0b0"}}
{"ts":"2026-02-16T20:31:25+01:00","event":"send","payload":{"status_code":400,"fcm_error_code":"INVALID_ARGUMENT","fcm_message_id":null,"curl_error":null,"token_suffix":"t-token-7755","notification_title":"New Ride Request","data_ride_id":"9495619c-ccb3-4fab-b267-905bd151e0b0"}}
{"ts":"2026-02-16T20:31:25+01:00","event":"send","payload":{"status_code":400,"fcm_error_code":"INVALID_ARGUMENT","fcm_message_id":null,"curl_error":null,"token_suffix":"t-token-9170","notification_title":"New Ride Request","data_ride_id":"9495619c-ccb3-4fab-b267-905bd151e0b0"}}
{"ts":"2026-02-16T20:31:26+01:00","event":"send","payload":{"status_code":400,"fcm_error_code":"INVALID_ARGUMENT","fcm_message_id":null,"curl_error":null,"token_suffix":"t-token-7353","notification_title":"New Ride Request","data_ride_id":"9495619c-ccb3-4fab-b267-905bd151e0b0"}}
{"ts":"2026-02-16T20:31:26+01:00","event":"send","payload":{"status_code":400,"fcm_error_code":"INVALID_ARGUMENT","fcm_message_id":null,"curl_error":null,"token_suffix":"t-token-5703","notification_title":"New Ride Request","data_ride_id":"9495619c-ccb3-4fab-b267-905bd151e0b0"}}
{"ts":"2026-02-16T20:32:02+01:00","event":"send","payload":{"status_code":400,"fcm_error_code":"INVALID_ARGUMENT","fcm_message_id":null,"curl_error":null,"token_suffix":"t-token-8264","notification_title":"New Ride Request","data_ride_id":"31d06309-41f0-4652-b409-ee01df3a32ea"}}
{"ts":"2026-02-18T23:17:37+01:00","event":"send","payload":{"status_code":400,"fcm_error_code":"INVALID_ARGUMENT","fcm_message_id":null,"curl_error":null,"token_suffix":"l_1234567890","notification_title":"Test","data_ride_id":"229ef9aa-f799-47c2-9467-cb6cab9e1008"}}
{"ts":"2026-02-18T23:52:47+01:00","event":"send","payload":{"status_code":200,"fcm_error_code":null,"fcm_message_id":"projects/taxi-app-eca3a/messages/0:1771455171259192%9f08d4ae9f08d4ae","curl_error":null,"token_suffix":"DpjdNgsFuvAc","notification_title":"New Ride Request","data_ride_id":"49318956-f38c-4f21-abc7-b8fdd93c6def"}}
{"ts":"2026-02-18T23:53:24+01:00","event":"send","payload":{"status_code":200,"fcm_error_code":null,"fcm_message_id":"projects/taxi-app-eca3a/messages/0:1771455208903583%9f08d4ae9f08d4ae","curl_error":null,"token_suffix":"DpjdNgsFuvAc","notification_title":"New Ride Request","data_ride_id":"ef7bd898-92d9-483e-aed9-a789969e945b"}}
{"ts":"2026-02-18T23:53:45+01:00","event":"send","payload":{"status_code":200,"fcm_error_code":null,"fcm_message_id":"projects/taxi-app-eca3a/messages/0:1771455229196496%9f08d4ae9f08d4ae","curl_error":null,"token_suffix":"DpjdNgsFuvAc","notification_title":"New Ride Request","data_ride_id":"fbdf3526-02ed-4072-b379-a0d848f32754"}}
{"ts":"2026-02-18T23:54:04+01:00","event":"send","payload":{"status_code":200,"fcm_error_code":null,"fcm_message_id":"projects/taxi-app-eca3a/messages/0:1771455248788633%9f08d4ae9f08d4ae","curl_error":null,"token_suffix":"DpjdNgsFuvAc","notification_title":"New Ride Request","data_ride_id":"8bb2928c-3b22-4b8f-b5f3-d857e29de977"}}
{"ts":"2026-02-18T23:55:15+01:00","event":"send","payload":{"status_code":200,"fcm_error_code":null,"fcm_message_id":"projects/taxi-app-eca3a/messages/0:1771455319929621%9f08d4ae9f08d4ae","curl_error":null,"token_suffix":"DpjdNgsFuvAc","notification_title":"New Ride Request","data_ride_id":"f540efff-4732-4756-9949-ec1790d25491"}}
{"ts":"2026-02-18T23:56:23+01:00","event":"send","payload":{"status_code":200,"fcm_error_code":null,"fcm_message_id":"projects/taxi-app-eca3a/messages/0:1771455387477487%9f08d4ae9f08d4ae","curl_error":null,"token_suffix":"DpjdNgsFuvAc","notification_title":"New Ride Request","data_ride_id":"197b1b9a-3e81-41f3-bf76-e154dc0c1c99"}}
{"ts":"2026-02-18T23:57:19+01:00","event":"send","payload":{"status_code":200,"fcm_error_code":null,"fcm_message_id":"projects/taxi-app-eca3a/messages/0:1771455443717590%9f08d4ae9f08d4ae","curl_error":null,"token_suffix":"DpjdNgsFuvAc","notification_title":"New Ride Request","data_ride_id":"33a3d6f3-8588-40a3-bd3b-2a64b04f9ac8"}}
{"ts":"2026-02-18T23:58:08+01:00","event":"send","payload":{"status_code":200,"fcm_error_code":null,"fcm_message_id":"projects/taxi-app-eca3a/messages/0:1771455492958595%9f08d4ae9f08d4ae","curl_error":null,"token_suffix":"DpjdNgsFuvAc","notification_title":"New Ride Request","data_ride_id":"22bd70a9-c1e5-40b1-aed1-c4a6eda960cf"}}
{"ts":"2026-02-19T00:00:51+01:00","event":"send","payload":{"status_code":200,"fcm_error_code":null,"fcm_message_id":"projects/taxi-app-eca3a/messages/0:1771455655839601%9f08d4ae9f08d4ae","curl_error":null,"token_suffix":"DpjdNgsFuvAc","notification_title":"New Ride Request","data_ride_id":"e8c038ba-0f8c-4fa3-8ee4-7ff8712afab8"}}
{"ts":"2026-02-19T00:14:39+01:00","event":"send","payload":{"status_code":200,"fcm_error_code":null,"fcm_message_id":"projects/taxi-app-eca3a/messages/0:1771456483817839%9f08d4ae9f08d4ae","curl_error":null,"token_suffix":"DpjdNgsFuvAc","notification_title":"New Ride Request","data_ride_id":"8aaf6de9-3d9b-400b-9648-f071e5351453"}}
{"ts":"2026-02-19T00:17:38+01:00","event":"send","payload":{"status_code":400,"fcm_error_code":"INVALID_ARGUMENT","fcm_message_id":null,"curl_error":null,"token_suffix":"t-token-6162","notification_title":"New Ride Request","data_ride_id":"d192e307-d012-47db-a8e8-46df430dc04b"}}
{"ts":"2026-02-19T00:21:36+01:00","event":"send","payload":{"status_code":400,"fcm_error_code":"INVALID_ARGUMENT","fcm_message_id":null,"curl_error":null,"token_suffix":"t-token-6162","notification_title":"New Ride Request","data_ride_id":"22"}}
{"ts":"2026-02-19T00:21:42+01:00","event":"send","payload":{"status_code":400,"fcm_error_code":"INVALID_ARGUMENT","fcm_message_id":null,"curl_error":null,"token_suffix":"t-token-6162","notification_title":"New Ride Request","data_ride_id":"23"}}
{"ts":"2026-02-19T00:24:07+01:00","event":"send","payload":{"status_code":400,"fcm_error_code":"INVALID_ARGUMENT","fcm_message_id":null,"curl_error":null,"token_suffix":"t-token-6162","notification_title":"New Ride Request","data_ride_id":"24"}}
{"ts":"2026-02-19T00:24:13+01:00","event":"send","payload":{"status_code":400,"fcm_error_code":"INVALID_ARGUMENT","fcm_message_id":null,"curl_error":null,"token_suffix":"t-token-6162","notification_title":"New Ride Request","data_ride_id":"25"}}
{"ts":"2026-02-19T00:26:03+01:00","event":"send","payload":{"status_code":400,"fcm_error_code":"INVALID_ARGUMENT","fcm_message_id":null,"curl_error":null,"token_suffix":"t-token-6162","notification_title":"New Ride Request","data_ride_id":"26"}}
{"ts":"2026-02-19T00:26:09+01:00","event":"send","payload":{"status_code":400,"fcm_error_code":"INVALID_ARGUMENT","fcm_message_id":null,"curl_error":null,"token_suffix":"t-token-6162","notification_title":"New Ride Request","data_ride_id":"27"}}
{"ts":"2026-02-19T00:27:29+01:00","event":"send","payload":{"status_code":400,"fcm_error_code":"INVALID_ARGUMENT","fcm_message_id":null,"curl_error":null,"token_suffix":"t-token-6162","notification_title":"New Ride Request","data_ride_id":"28"}}
{"ts":"2026-02-19T00:27:35+01:00","event":"send","payload":{"status_code":400,"fcm_error_code":"INVALID_ARGUMENT","fcm_message_id":null,"curl_error":null,"token_suffix":"t-token-6162","notification_title":"New Ride Request","data_ride_id":"29"}}
{"ts":"2026-02-19T00:30:01+01:00","event":"send","payload":{"status_code":400,"fcm_error_code":"INVALID_ARGUMENT","fcm_message_id":null,"curl_error":null,"token_suffix":"t-token-6162","notification_title":"New Ride Request","data_ride_id":"30"}}
{"ts":"2026-02-19T00:30:07+01:00","event":"send","payload":{"status_code":400,"fcm_error_code":"INVALID_ARGUMENT","fcm_message_id":null,"curl_error":null,"token_suffix":"t-token-6162","notification_title":"New Ride Request","data_ride_id":"31"}}
{"ts":"2026-02-19T00:31:06+01:00","event":"send","payload":{"status_code":400,"fcm_error_code":"INVALID_ARGUMENT","fcm_message_id":null,"curl_error":null,"token_suffix":"t-token-6162","notification_title":"New Ride Request","data_ride_id":"32"}}
{"ts":"2026-02-19T00:31:12+01:00","event":"send","payload":{"status_code":400,"fcm_error_code":"INVALID_ARGUMENT","fcm_message_id":null,"curl_error":null,"token_suffix":"t-token-6162","notification_title":"New Ride Request","data_ride_id":"33"}}
{"ts":"2026-02-19T00:32:12+01:00","event":"send","payload":{"status_code":400,"fcm_error_code":"INVALID_ARGUMENT","fcm_message_id":null,"curl_error":null,"token_suffix":"t-token-6162","notification_title":"New Ride Request","data_ride_id":"34"}}
{"ts":"2026-02-19T00:32:19+01:00","event":"send","payload":{"status_code":400,"fcm_error_code":"INVALID_ARGUMENT","fcm_message_id":null,"curl_error":null,"token_suffix":"t-token-6162","notification_title":"New Ride Request","data_ride_id":"35"}}
{"ts":"2026-02-19T00:33:22+01:00","event":"send","payload":{"status_code":400,"fcm_error_code":"INVALID_ARGUMENT","fcm_message_id":null,"curl_error":null,"token_suffix":"t-token-6162","notification_title":"New Ride Request","data_ride_id":"36"}}
{"ts":"2026-02-19T00:33:28+01:00","event":"send","payload":{"status_code":400,"fcm_error_code":"INVALID_ARGUMENT","fcm_message_id":null,"curl_error":null,"token_suffix":"t-token-6162","notification_title":"New Ride Request","data_ride_id":"37"}}
{"ts":"2026-02-19T00:34:33+01:00","event":"send","payload":{"status_code":400,"fcm_error_code":"INVALID_ARGUMENT","fcm_message_id":null,"curl_error":null,"token_suffix":"t-token-6162","notification_title":"New Ride Request","data_ride_id":"38"}}
{"ts":"2026-02-19T00:34:39+01:00","event":"send","payload":{"status_code":400,"fcm_error_code":"INVALID_ARGUMENT","fcm_message_id":null,"curl_error":null,"token_suffix":"t-token-6162","notification_title":"New Ride Request","data_ride_id":"39"}}
{"ts":"2026-02-19T00:35:53+01:00","event":"send","payload":{"status_code":400,"fcm_error_code":"INVALID_ARGUMENT","fcm_message_id":null,"curl_error":null,"token_suffix":"t-token-6162","notification_title":"New Ride Request","data_ride_id":"40"}}
{"ts":"2026-02-19T00:35:59+01:00","event":"send","payload":{"status_code":400,"fcm_error_code":"INVALID_ARGUMENT","fcm_message_id":null,"curl_error":null,"token_suffix":"t-token-6162","notification_title":"New Ride Request","data_ride_id":"41"}}
{"ts":"2026-02-19T00:36:58+01:00","event":"send","payload":{"status_code":400,"fcm_error_code":"INVALID_ARGUMENT","fcm_message_id":null,"curl_error":null,"token_suffix":"t-token-6162","notification_title":"New Ride Request","data_ride_id":"42"}}
{"ts":"2026-02-19T00:37:04+01:00","event":"send","payload":{"status_code":400,"fcm_error_code":"INVALID_ARGUMENT","fcm_message_id":null,"curl_error":null,"token_suffix":"t-token-6162","notification_title":"New Ride Request","data_ride_id":"43"}}
{"ts":"2026-02-19T00:37:59+01:00","event":"send","payload":{"status_code":400,"fcm_error_code":"INVALID_ARGUMENT","fcm_message_id":null,"curl_error":null,"token_suffix":"t-token-6162","notification_title":"New Ride Request","data_ride_id":"44"}}
{"ts":"2026-02-19T00:38:05+01:00","event":"send","payload":{"status_code":400,"fcm_error_code":"INVALID_ARGUMENT","fcm_message_id":null,"curl_error":null,"token_suffix":"t-token-6162","notification_title":"New Ride Request","data_ride_id":"45"}}
{"ts":"2026-02-19T00:39:20+01:00","event":"send","payload":{"status_code":400,"fcm_error_code":"INVALID_ARGUMENT","fcm_message_id":null,"curl_error":null,"token_suffix":"t-token-6162","notification_title":"New Ride Request","data_ride_id":"46"}}
{"ts":"2026-02-19T00:39:26+01:00","event":"send","payload":{"status_code":400,"fcm_error_code":"INVALID_ARGUMENT","fcm_message_id":null,"curl_error":null,"token_suffix":"t-token-6162","notification_title":"New Ride Request","data_ride_id":"47"}}
{"ts":"2026-02-19T01:26:45+01:00","event":"send","payload":{"status_code":200,"fcm_error_code":null,"fcm_message_id":"projects/taxi-app-eca3a/messages/0:1771460809470294%9f08d4ae9f08d4ae","curl_error":null,"token_suffix":"DpjdNgsFuvAc","notification_title":"New Ride Request","data_ride_id":"48"}}
{"ts":"2026-02-19T16:07:09+01:00","event":"send","payload":{"status_code":200,"fcm_error_code":null,"fcm_message_id":"projects/taxi-app-eca3a/messages/0:1771513633803250%9f08d4ae9f08d4ae","curl_error":null,"token_suffix":"DpjdNgsFuvAc","notification_title":"Ride Cancelled","data_ride_id":"48"}}
{"ts":"2026-02-19T16:50:12+01:00","event":"send","payload":{"status_code":200,"fcm_error_code":null,"fcm_message_id":"projects/taxi-app-eca3a/messages/0:1771516216857239%9f08d4ae9f08d4ae","curl_error":null,"token_suffix":"DpjdNgsFuvAc","notification_title":"New Ride Request","data_ride_id":"66"}}
{"ts":"2026-02-19T16:52:15+01:00","event":"send","payload":{"status_code":200,"fcm_error_code":null,"fcm_message_id":"projects/taxi-app-eca3a/messages/0:1771516340087581%9f08d4ae9f08d4ae","curl_error":null,"token_suffix":"DpjdNgsFuvAc","notification_title":"Ride Cancelled","data_ride_id":"66"}}
{"ts":"2026-02-19T16:52:16+01:00","event":"send","payload":{"status_code":200,"fcm_error_code":null,"fcm_message_id":"projects/taxi-app-eca3a/messages/0:1771516340767222%9f08d4ae9f08d4ae","curl_error":null,"token_suffix":"DpjdNgsFuvAc","notification_title":"Ride Cancelled","data_ride_id":"66"}}
{"ts":"2026-02-19T16:52:23+01:00","event":"send","payload":{"status_code":200,"fcm_error_code":null,"fcm_message_id":"projects/taxi-app-eca3a/messages/0:1771516347456732%9f08d4ae9f08d4ae","curl_error":null,"token_suffix":"DpjdNgsFuvAc","notification_title":"New Ride Request","data_ride_id":"67"}}
{"ts":"2026-02-19T16:56:28+01:00","event":"send","payload":{"status_code":200,"fcm_error_code":null,"fcm_message_id":"projects/taxi-app-eca3a/messages/0:1771516593133934%9f08d4ae9f08d4ae","curl_error":null,"token_suffix":"DpjdNgsFuvAc","notification_title":"Ride Cancelled","data_ride_id":"67"}}
{"ts":"2026-02-19T16:56:56+01:00","event":"send","payload":{"status_code":200,"fcm_error_code":null,"fcm_message_id":"projects/taxi-app-eca3a/messages/0:1771516620637471%9f08d4ae9f08d4ae","curl_error":null,"token_suffix":"DpjdNgsFuvAc","notification_title":"New Ride Request","data_ride_id":"68"}}
{"ts":"2026-02-19T17:42:05+01:00","event":"send","payload":{"status_code":200,"fcm_error_code":null,"fcm_message_id":"projects/taxi-app-eca3a/messages/0:1771519329863568%9f08d4ae9f08d4ae","curl_error":null,"token_suffix":"DpjdNgsFuvAc","notification_title":"Ride Cancelled","data_ride_id":"68"}}
{"ts":"2026-02-19T17:49:23+01:00","event":"send","payload":{"status_code":200,"fcm_error_code":null,"fcm_message_id":"projects/taxi-app-eca3a/messages/0:1771519768096046%9f08d4ae9f08d4ae","curl_error":null,"token_suffix":"DpjdNgsFuvAc","notification_title":"New Ride Request","data_ride_id":"69"}}
{"ts":"2026-02-19T17:50:35+01:00","event":"send","payload":{"status_code":200,"fcm_error_code":null,"fcm_message_id":"projects/taxi-app-eca3a/messages/0:1771519840437472%9f08d4ae9f08d4ae","curl_error":null,"token_suffix":"DpjdNgsFuvAc","notification_title":"Ride Cancelled","data_ride_id":"69"}}
{"ts":"2026-02-19T19:29:55+01:00","event":"send","payload":{"status_code":200,"fcm_error_code":null,"fcm_message_id":"projects/taxi-app-eca3a/messages/0:1771525800516498%9f08d4ae9f08d4ae","curl_error":null,"token_suffix":"DpjdNgsFuvAc","notification_title":"New Ride Request","data_ride_id":"70"}}
{"ts":"2026-02-19T19:33:05+01:00","event":"send","payload":{"status_code":200,"fcm_error_code":null,"fcm_message_id":"projects/taxi-app-eca3a/messages/0:1771525989573344%9f08d4ae9f08d4ae","curl_error":null,"token_suffix":"DpjdNgsFuvAc","notification_title":"Ride Cancelled","data_ride_id":"70"}}
{"ts":"2026-02-20T20:41:02+01:00","event":"send","payload":{"status_code":200,"fcm_error_code":null,"fcm_message_id":"projects/taxi-app-eca3a/messages/0:1771616467702024%9f08d4ae9f08d4ae","curl_error":null,"token_suffix":"DpjdNgsFuvAc","notification_title":"New Ride Request","data_ride_id":"72"}}
{"ts":"2026-02-20T20:42:51+01:00","event":"send","payload":{"status_code":200,"fcm_error_code":null,"fcm_message_id":"projects/taxi-app-eca3a/messages/0:1771616577610604%9f08d4ae9f08d4ae","curl_error":null,"token_suffix":"DpjdNgsFuvAc","notification_title":"Ride Cancelled","data_ride_id":"72"}}
{"ts":"2026-02-20T21:05:24+01:00","event":"send","payload":{"status_code":200,"fcm_error_code":null,"fcm_message_id":"projects/taxi-app-eca3a/messages/0:1771617929795628%9f08d4ae9f08d4ae","curl_error":null,"token_suffix":"DpjdNgsFuvAc","notification_title":"New Ride Request","data_ride_id":"74"}}
{"ts":"2026-02-20T21:05:52+01:00","event":"send","payload":{"status_code":200,"fcm_error_code":null,"fcm_message_id":"projects/taxi-app-eca3a/messages/0:1771617958014814%9f08d4ae9f08d4ae","curl_error":null,"token_suffix":"DpjdNgsFuvAc","notification_title":"Ride Cancelled","data_ride_id":"74"}}
{"ts":"2026-02-20T21:09:17+01:00","event":"send","payload":{"status_code":200,"fcm_error_code":null,"fcm_message_id":"projects/taxi-app-eca3a/messages/0:1771618162698361%9f08d4ae9f08d4ae","curl_error":null,"token_suffix":"DpjdNgsFuvAc","notification_title":"New Ride Request","data_ride_id":"76"}}
{"ts":"2026-02-20T21:09:36+01:00","event":"send","payload":{"status_code":200,"fcm_error_code":null,"fcm_message_id":"projects/taxi-app-eca3a/messages/0:1771618181666911%9f08d4ae9f08d4ae","curl_error":null,"token_suffix":"DpjdNgsFuvAc","notification_title":"Ride Cancelled","data_ride_id":"76"}}
{"ts":"2026-02-20T21:12:17+01:00","event":"send","payload":{"status_code":200,"fcm_error_code":null,"fcm_message_id":"projects/taxi-app-eca3a/messages/0:1771618342828827%9f08d4ae9f08d4ae","curl_error":null,"token_suffix":"DpjdNgsFuvAc","notification_title":"New Ride Request","data_ride_id":"77"}}
{"ts":"2026-02-20T21:13:23+01:00","event":"send","payload":{"status_code":200,"fcm_error_code":null,"fcm_message_id":"projects/taxi-app-eca3a/messages/0:1771618409389320%9f08d4ae9f08d4ae","curl_error":null,"token_suffix":"DpjdNgsFuvAc","notification_title":"New Ride Request","data_ride_id":"78"}}
{"ts":"2026-02-20T21:14:26+01:00","event":"send","payload":{"status_code":200,"fcm_error_code":null,"fcm_message_id":"projects/taxi-app-eca3a/messages/0:1771618472631266%9f08d4ae9f08d4ae","curl_error":null,"token_suffix":"DpjdNgsFuvAc","notification_title":"Ride Cancelled","data_ride_id":"78"}}
{"ts":"2026-02-20T21:14:48+01:00","event":"send","payload":{"status_code":200,"fcm_error_code":null,"fcm_message_id":"projects/taxi-app-eca3a/messages/0:1771618494546407%9f08d4ae9f08d4ae","curl_error":null,"token_suffix":"DpjdNgsFuvAc","notification_title":"New Ride Request","data_ride_id":"79"}}
{"ts":"2026-02-20T21:15:06+01:00","event":"send","payload":{"status_code":200,"fcm_error_code":null,"fcm_message_id":"projects/taxi-app-eca3a/messages/0:1771618512554482%9f08d4ae9f08d4ae","curl_error":null,"token_suffix":"DpjdNgsFuvAc","notification_title":"Ride Cancelled","data_ride_id":"79"}}
{"ts":"2026-02-20T21:44:38+01:00","event":"send","payload":{"status_code":200,"fcm_error_code":null,"fcm_message_id":"projects/taxi-app-eca3a/messages/0:1771620284063362%9f08d4ae9f08d4ae","curl_error":null,"token_suffix":"DpjdNgsFuvAc","notification_title":"New Ride Request","data_ride_id":"80"}}
{"ts":"2026-02-20T21:45:16+01:00","event":"send","payload":{"status_code":200,"fcm_error_code":null,"fcm_message_id":"projects/taxi-app-eca3a/messages/0:1771620321966420%9f08d4ae9f08d4ae","curl_error":null,"token_suffix":"DpjdNgsFuvAc","notification_title":"Ride Cancelled","data_ride_id":"80"}}
{"ts":"2026-02-20T21:45:27+01:00","event":"send","payload":{"status_code":200,"fcm_error_code":null,"fcm_message_id":"projects/taxi-app-eca3a/messages/0:1771620332810462%9f08d4ae9f08d4ae","curl_error":null,"token_suffix":"DpjdNgsFuvAc","notification_title":"New Ride Request","data_ride_id":"81"}}
{"ts":"2026-02-20T21:45:58+01:00","event":"send","payload":{"status_code":200,"fcm_error_code":null,"fcm_message_id":"projects/taxi-app-eca3a/messages/0:1771620363758478%9f08d4ae9f08d4ae","curl_error":null,"token_suffix":"DpjdNgsFuvAc","notification_title":"Ride Cancelled","data_ride_id":"81"}}
{"ts":"2026-02-20T21:51:55+01:00","event":"send","payload":{"status_code":200,"fcm_error_code":null,"fcm_message_id":"projects/taxi-app-eca3a/messages/0:1771620720794880%9f08d4ae9f08d4ae","curl_error":null,"token_suffix":"DpjdNgsFuvAc","notification_title":"New Ride Request","data_ride_id":"82"}}
{"ts":"2026-02-20T21:52:40+01:00","event":"send","payload":{"status_code":200,"fcm_error_code":null,"fcm_message_id":"projects/taxi-app-eca3a/messages/0:1771620766578333%9f08d4ae9f08d4ae","curl_error":null,"token_suffix":"DpjdNgsFuvAc","notification_title":"Ride Cancelled","data_ride_id":"82"}}
{"ts":"2026-02-20T21:53:07+01:00","event":"send","payload":{"status_code":200,"fcm_error_code":null,"fcm_message_id":"projects/taxi-app-eca3a/messages/0:1771620792725894%9f08d4ae9f08d4ae","curl_error":null,"token_suffix":"DpjdNgsFuvAc","notification_title":"New Ride Request","data_ride_id":"83"}}
{"ts":"2026-02-20T21:54:59+01:00","event":"send","payload":{"status_code":200,"fcm_error_code":null,"fcm_message_id":"projects/taxi-app-eca3a/messages/0:1771620904822372%9f08d4ae9f08d4ae","curl_error":null,"token_suffix":"DpjdNgsFuvAc","notification_title":"Ride Cancelled","data_ride_id":"83"}}
{"ts":"2026-02-20T21:57:33+01:00","event":"send","payload":{"status_code":200,"fcm_error_code":null,"fcm_message_id":"projects/taxi-app-eca3a/messages/0:1771621059513213%9f08d4ae9f08d4ae","curl_error":null,"token_suffix":"DpjdNgsFuvAc","notification_title":"New Ride Request","data_ride_id":"84"}}
{"ts":"2026-02-20T21:59:46+01:00","event":"send","payload":{"status_code":200,"fcm_error_code":null,"fcm_message_id":"projects/taxi-app-eca3a/messages/0:1771621191778806%9f08d4ae9f08d4ae","curl_error":null,"token_suffix":"DpjdNgsFuvAc","notification_title":"Ride Cancelled","data_ride_id":"84"}}
{"ts":"2026-02-20T22:00:02+01:00","event":"send","payload":{"status_code":200,"fcm_error_code":null,"fcm_message_id":"projects/taxi-app-eca3a/messages/0:1771621207824700%9f08d4ae9f08d4ae","curl_error":null,"token_suffix":"DpjdNgsFuvAc","notification_title":"New Ride Request","data_ride_id":"85"}}
{"ts":"2026-02-20T22:03:25+01:00","event":"send","payload":{"status_code":200,"fcm_error_code":null,"fcm_message_id":"projects/taxi-app-eca3a/messages/0:1771621411580205%9f08d4ae9f08d4ae","curl_error":null,"token_suffix":"DpjdNgsFuvAc","notification_title":"New Ride Request","data_ride_id":"86"}}
{"ts":"2026-02-20T22:19:01+01:00","event":"send","payload":{"status_code":200,"fcm_error_code":null,"fcm_message_id":"projects/taxi-app-eca3a/messages/0:1771622347299865%9f08d4ae9f08d4ae","curl_error":null,"token_suffix":"DpjdNgsFuvAc","notification_title":"New Ride Request","data_ride_id":"87"}}
{"ts":"2026-02-20T22:22:47+01:00","event":"send","payload":{"status_code":200,"fcm_error_code":null,"fcm_message_id":"projects/taxi-app-eca3a/messages/0:1771622572836733%9f08d4ae9f08d4ae","curl_error":null,"token_suffix":"DpjdNgsFuvAc","notification_title":"New Ride Request","data_ride_id":"88"}}
{"ts":"2026-02-20T22:23:19+01:00","event":"send","payload":{"status_code":200,"fcm_error_code":null,"fcm_message_id":"projects/taxi-app-eca3a/messages/0:1771622605548218%9f08d4ae9f08d4ae","curl_error":null,"token_suffix":"DpjdNgsFuvAc","notification_title":"Ride Cancelled","data_ride_id":"88"}}
{"ts":"2026-02-20T22:23:39+01:00","event":"send","payload":{"status_code":200,"fcm_error_code":null,"fcm_message_id":"projects/taxi-app-eca3a/messages/0:1771622624636119%9f08d4ae9f08d4ae","curl_error":null,"token_suffix":"DpjdNgsFuvAc","notification_title":"New Ride Request","data_ride_id":"89"}}
{"ts":"2026-02-20T22:26:04+01:00","event":"send","payload":{"status_code":200,"fcm_error_code":null,"fcm_message_id":"projects/taxi-app-eca3a/messages/0:1771622770079508%9f08d4ae9f08d4ae","curl_error":null,"token_suffix":"DpjdNgsFuvAc","notification_title":"Ride Cancelled","data_ride_id":"89"}}
{"ts":"2026-02-20T22:26:24+01:00","event":"send","payload":{"status_code":200,"fcm_error_code":null,"fcm_message_id":"projects/taxi-app-eca3a/messages/0:1771622790358647%9f08d4ae9f08d4ae","curl_error":null,"token_suffix":"DpjdNgsFuvAc","notification_title":"New Ride Request","data_ride_id":"90"}}
{"ts":"2026-02-20T22:30:06+01:00","event":"send","payload":{"status_code":200,"fcm_error_code":null,"fcm_message_id":"projects/taxi-app-eca3a/messages/0:1771623012038645%9f08d4ae9f08d4ae","curl_error":null,"token_suffix":"DpjdNgsFuvAc","notification_title":"New Ride Request","data_ride_id":"91"}}
{"ts":"2026-02-20T22:34:58+01:00","event":"send","payload":{"status_code":200,"fcm_error_code":null,"fcm_message_id":"projects/taxi-app-eca3a/messages/0:1771623304681526%9f08d4ae9f08d4ae","curl_error":null,"token_suffix":"DpjdNgsFuvAc","notification_title":"New Ride Request","data_ride_id":"92"}}
{"ts":"2026-02-20T22:36:10+01:00","event":"send","payload":{"status_code":200,"fcm_error_code":null,"fcm_message_id":"projects/taxi-app-eca3a/messages/0:1771623376373013%9f08d4ae9f08d4ae","curl_error":null,"token_suffix":"DpjdNgsFuvAc","notification_title":"New Ride Request","data_ride_id":"93"}}
{"ts":"2026-02-20T22:46:26+01:00","event":"send","payload":{"status_code":200,"fcm_error_code":null,"fcm_message_id":"projects/taxi-app-eca3a/messages/0:1771623991810425%9f08d4ae9f08d4ae","curl_error":null,"token_suffix":"DpjdNgsFuvAc","notification_title":"New Ride Request","data_ride_id":"94"}}
{"ts":"2026-02-20T22:52:52+01:00","event":"send","payload":{"status_code":200,"fcm_error_code":null,"fcm_message_id":"projects/taxi-app-eca3a/messages/0:1771624377961102%9f08d4ae9f08d4ae","curl_error":null,"token_suffix":"DpjdNgsFuvAc","notification_title":"New Ride Request","data_ride_id":"95"}}
{"ts":"2026-02-20T22:56:51+01:00","event":"send","payload":{"status_code":200,"fcm_error_code":null,"fcm_message_id":"projects/taxi-app-eca3a/messages/0:1771624617680523%9f08d4ae9f08d4ae","curl_error":null,"token_suffix":"DpjdNgsFuvAc","notification_title":"New Ride Request","data_ride_id":"96"}}
{"ts":"2026-02-20T22:57:02+01:00","event":"send","payload":{"status_code":200,"fcm_error_code":null,"fcm_message_id":"projects/taxi-app-eca3a/messages/0:1771624627811148%9f08d4ae9f08d4ae","curl_error":null,"token_suffix":"DpjdNgsFuvAc","notification_title":"Ride Cancelled","data_ride_id":"96"}}
{"ts":"2026-02-20T23:00:27+01:00","event":"send","payload":{"status_code":200,"fcm_error_code":null,"fcm_message_id":"projects/taxi-app-eca3a/messages/0:1771624832927907%9f08d4ae9f08d4ae","curl_error":null,"token_suffix":"DpjdNgsFuvAc","notification_title":"New Ride Request","data_ride_id":"97"}}
{"ts":"2026-02-20T23:03:52+01:00","event":"send","payload":{"status_code":200,"fcm_error_code":null,"fcm_message_id":"projects/taxi-app-eca3a/messages/0:1771625038482869%9f08d4ae9f08d4ae","curl_error":null,"token_suffix":"DpjdNgsFuvAc","notification_title":"New Ride Request","data_ride_id":"98"}}
{"ts":"2026-02-20T23:04:18+01:00","event":"send","payload":{"status_code":200,"fcm_error_code":null,"fcm_message_id":"projects/taxi-app-eca3a/messages/0:1771625064263243%9f08d4ae9f08d4ae","curl_error":null,"token_suffix":"DpjdNgsFuvAc","notification_title":"Ride Cancelled","data_ride_id":"98"}}
{"ts":"2026-02-20T23:04:53+01:00","event":"send","payload":{"status_code":200,"fcm_error_code":null,"fcm_message_id":"projects/taxi-app-eca3a/messages/0:1771625099713512%9f08d4ae9f08d4ae","curl_error":null,"token_suffix":"DpjdNgsFuvAc","notification_title":"New Ride Request","data_ride_id":"99"}}
{"ts":"2026-02-20T23:06:58+01:00","event":"send","payload":{"status_code":200,"fcm_error_code":null,"fcm_message_id":"projects/taxi-app-eca3a/messages/0:1771625224745416%9f08d4ae9f08d4ae","curl_error":null,"token_suffix":"DpjdNgsFuvAc","notification_title":"New Ride Request","data_ride_id":"100"}}
{"ts":"2026-02-20T23:09:40+01:00","event":"send","payload":{"status_code":200,"fcm_error_code":null,"fcm_message_id":"projects/taxi-app-eca3a/messages/0:1771625386354265%9f08d4ae9f08d4ae","curl_error":null,"token_suffix":"DpjdNgsFuvAc","notification_title":"New Ride Request","data_ride_id":"101"}}
{"ts":"2026-02-20T23:12:16+01:00","event":"send","payload":{"status_code":200,"fcm_error_code":null,"fcm_message_id":"projects/taxi-app-eca3a/messages/0:1771625542264279%9f08d4ae9f08d4ae","curl_error":null,"token_suffix":"DpjdNgsFuvAc","notification_title":"New Ride Request","data_ride_id":"102"}}
{"ts":"2026-02-20T23:17:47+01:00","event":"send","payload":{"status_code":200,"fcm_error_code":null,"fcm_message_id":"projects/taxi-app-eca3a/messages/0:1771625873049271%9f08d4ae9f08d4ae","curl_error":null,"token_suffix":"DpjdNgsFuvAc","notification_title":"New Ride Request","data_ride_id":"103"}}
{"ts":"2026-02-20T23:46:46+01:00","event":"send","payload":{"status_code":200,"fcm_error_code":null,"fcm_message_id":"projects/taxi-app-eca3a/messages/0:1771627612290348%9f08d4ae9f08d4ae","curl_error":null,"token_suffix":"DpjdNgsFuvAc","notification_title":"New Ride Request","data_ride_id":"108"}}
{"ts":"2026-02-21T00:02:43+01:00","event":"send","payload":{"status_code":200,"fcm_error_code":null,"fcm_message_id":"projects/taxi-app-eca3a/messages/0:1771628569872259%9f08d4ae9f08d4ae","curl_error":null,"token_suffix":"DpjdNgsFuvAc","notification_title":"New Ride Request","data_ride_id":"116"}}
{"ts":"2026-02-21T00:05:26+01:00","event":"send","payload":{"status_code":200,"fcm_error_code":null,"fcm_message_id":"projects/taxi-app-eca3a/messages/0:1771628733250652%9f08d4ae9f08d4ae","curl_error":null,"token_suffix":"DpjdNgsFuvAc","notification_title":"New Ride Request","data_ride_id":"117"}}
{"ts":"2026-04-04T20:00:11+02:00","event":"send","payload":{"status_code":403,"fcm_error_code":"PERMISSION_DENIED","fcm_message_id":null,"curl_error":null,"token_suffix":"DpjdNgsFuvAc","notification_title":"New Ride Request","data_ride_id":"123"}}
